  AssetManager.cpp
C:\Users\andy1\Documents\GitHub\GFX-Vulkan\VulkanApp\Utils.h(525,11): warning C4244: "Initialisierung": Konvertierung von "_Rep" in "int", möglicher Datenverlust
C:\Users\andy1\Documents\GitHub\GFX-Vulkan\VulkanApp\Utils.h(525,11): warning C4244:         with
C:\Users\andy1\Documents\GitHub\GFX-Vulkan\VulkanApp\Utils.h(525,11): warning C4244:         [
C:\Users\andy1\Documents\GitHub\GFX-Vulkan\VulkanApp\Utils.h(525,11): warning C4244:             _Rep=__int64
C:\Users\andy1\Documents\GitHub\GFX-Vulkan\VulkanApp\Utils.h(525,11): warning C4244:         ]
  (Quelldatei „Assets/AssetManager.cpp“ wird kompiliert)
  
  ModelLoader.cpp
  pbrmaterial.h is deprecated. Please update to PBR materials in materials.h and glTF-specific items in GltfMaterial.h
C:\Users\andy1\Documents\GitHub\GFX-Vulkan\VulkanApp\Utils.h(525,11): warning C4244: "Initialisierung": Konvertierung von "_Rep" in "int", möglicher Datenverlust
C:\Users\andy1\Documents\GitHub\GFX-Vulkan\VulkanApp\Utils.h(525,11): warning C4244:         with
C:\Users\andy1\Documents\GitHub\GFX-Vulkan\VulkanApp\Utils.h(525,11): warning C4244:         [
C:\Users\andy1\Documents\GitHub\GFX-Vulkan\VulkanApp\Utils.h(525,11): warning C4244:             _Rep=__int64
C:\Users\andy1\Documents\GitHub\GFX-Vulkan\VulkanApp\Utils.h(525,11): warning C4244:         ]
  (Quelldatei „Assets/ModelLoader.cpp“ wird kompiliert)
  
  StaticMeshesRsc.cpp
  pbrmaterial.h is deprecated. Please update to PBR materials in materials.h and glTF-specific items in GltfMaterial.h
C:\Users\andy1\Documents\GitHub\GFX-Vulkan\VulkanApp\Utils.h(525,11): warning C4244: "Initialisierung": Konvertierung von "_Rep" in "int", möglicher Datenverlust
C:\Users\andy1\Documents\GitHub\GFX-Vulkan\VulkanApp\Utils.h(525,11): warning C4244:         with
C:\Users\andy1\Documents\GitHub\GFX-Vulkan\VulkanApp\Utils.h(525,11): warning C4244:         [
C:\Users\andy1\Documents\GitHub\GFX-Vulkan\VulkanApp\Utils.h(525,11): warning C4244:             _Rep=__int64
C:\Users\andy1\Documents\GitHub\GFX-Vulkan\VulkanApp\Utils.h(525,11): warning C4244:         ]
  (Quelldatei „Assets/StaticMeshesRsc.cpp“ wird kompiliert)
  
  FrustumCullingBhv.cpp
C:\Users\andy1\Documents\GitHub\GFX-Vulkan\VulkanApp\Utils.h(525,11): warning C4244: "Initialisierung": Konvertierung von "_Rep" in "int", möglicher Datenverlust
C:\Users\andy1\Documents\GitHub\GFX-Vulkan\VulkanApp\Utils.h(525,11): warning C4244:         with
C:\Users\andy1\Documents\GitHub\GFX-Vulkan\VulkanApp\Utils.h(525,11): warning C4244:         [
C:\Users\andy1\Documents\GitHub\GFX-Vulkan\VulkanApp\Utils.h(525,11): warning C4244:             _Rep=__int64
C:\Users\andy1\Documents\GitHub\GFX-Vulkan\VulkanApp\Utils.h(525,11): warning C4244:         ]
  (Quelldatei „Components/FrustumCullingBhv.cpp“ wird kompiliert)
  
  RotationBehavior.cpp
C:\Users\andy1\Documents\GitHub\GFX-Vulkan\VulkanApp\Utils.h(525,11): warning C4244: "Initialisierung": Konvertierung von "_Rep" in "int", möglicher Datenverlust
C:\Users\andy1\Documents\GitHub\GFX-Vulkan\VulkanApp\Utils.h(525,11): warning C4244:         with
C:\Users\andy1\Documents\GitHub\GFX-Vulkan\VulkanApp\Utils.h(525,11): warning C4244:         [
C:\Users\andy1\Documents\GitHub\GFX-Vulkan\VulkanApp\Utils.h(525,11): warning C4244:             _Rep=__int64
C:\Users\andy1\Documents\GitHub\GFX-Vulkan\VulkanApp\Utils.h(525,11): warning C4244:         ]
  (Quelldatei „Components/RotationBehavior.cpp“ wird kompiliert)
  
  ChunkedScene3D.cpp
C:\Users\andy1\Documents\GitHub\GFX-Vulkan\VulkanApp\Utils.h(525,11): warning C4244: "Initialisierung": Konvertierung von "_Rep" in "int", möglicher Datenverlust
C:\Users\andy1\Documents\GitHub\GFX-Vulkan\VulkanApp\Utils.h(525,11): warning C4244:         with
C:\Users\andy1\Documents\GitHub\GFX-Vulkan\VulkanApp\Utils.h(525,11): warning C4244:         [
C:\Users\andy1\Documents\GitHub\GFX-Vulkan\VulkanApp\Utils.h(525,11): warning C4244:             _Rep=__int64
C:\Users\andy1\Documents\GitHub\GFX-Vulkan\VulkanApp\Utils.h(525,11): warning C4244:         ]
  (Quelldatei „Core/ChunkedScene3D.cpp“ wird kompiliert)
  
  Entity.cpp
C:\Users\andy1\Documents\GitHub\GFX-Vulkan\VulkanApp\Utils.h(525,11): warning C4244: "Initialisierung": Konvertierung von "_Rep" in "int", möglicher Datenverlust
C:\Users\andy1\Documents\GitHub\GFX-Vulkan\VulkanApp\Utils.h(525,11): warning C4244:         with
C:\Users\andy1\Documents\GitHub\GFX-Vulkan\VulkanApp\Utils.h(525,11): warning C4244:         [
C:\Users\andy1\Documents\GitHub\GFX-Vulkan\VulkanApp\Utils.h(525,11): warning C4244:             _Rep=__int64
C:\Users\andy1\Documents\GitHub\GFX-Vulkan\VulkanApp\Utils.h(525,11): warning C4244:         ]
  (Quelldatei „Core/Entity.cpp“ wird kompiliert)
  
  GFX.cpp
C:\Users\andy1\Documents\GitHub\GFX-Vulkan\VulkanApp\Utils.h(525,11): warning C4244: "Initialisierung": Konvertierung von "_Rep" in "int", möglicher Datenverlust
C:\Users\andy1\Documents\GitHub\GFX-Vulkan\VulkanApp\Utils.h(525,11): warning C4244:         with
C:\Users\andy1\Documents\GitHub\GFX-Vulkan\VulkanApp\Utils.h(525,11): warning C4244:         [
C:\Users\andy1\Documents\GitHub\GFX-Vulkan\VulkanApp\Utils.h(525,11): warning C4244:             _Rep=__int64
C:\Users\andy1\Documents\GitHub\GFX-Vulkan\VulkanApp\Utils.h(525,11): warning C4244:         ]
  (Quelldatei „Core/GFX.cpp“ wird kompiliert)
  
  pbrmaterial.h is deprecated. Please update to PBR materials in materials.h and glTF-specific items in GltfMaterial.h
  Game.cpp
C:\Users\andy1\Documents\GitHub\GFX-Vulkan\VulkanApp\Utils.h(525,11): warning C4244: "Initialisierung": Konvertierung von "_Rep" in "int", möglicher Datenverlust
C:\Users\andy1\Documents\GitHub\GFX-Vulkan\VulkanApp\Utils.h(525,11): warning C4244:         with
C:\Users\andy1\Documents\GitHub\GFX-Vulkan\VulkanApp\Utils.h(525,11): warning C4244:         [
C:\Users\andy1\Documents\GitHub\GFX-Vulkan\VulkanApp\Utils.h(525,11): warning C4244:             _Rep=__int64
C:\Users\andy1\Documents\GitHub\GFX-Vulkan\VulkanApp\Utils.h(525,11): warning C4244:         ]
  (Quelldatei „Core/Game.cpp“ wird kompiliert)
  
  pbrmaterial.h is deprecated. Please update to PBR materials in materials.h and glTF-specific items in GltfMaterial.h
  Input.cpp
  InstanceHandle.cpp
C:\Users\andy1\Documents\GitHub\GFX-Vulkan\VulkanApp\Utils.h(525,11): warning C4244: "Initialisierung": Konvertierung von "_Rep" in "int", möglicher Datenverlust
C:\Users\andy1\Documents\GitHub\GFX-Vulkan\VulkanApp\Utils.h(525,11): warning C4244:         with
C:\Users\andy1\Documents\GitHub\GFX-Vulkan\VulkanApp\Utils.h(525,11): warning C4244:         [
C:\Users\andy1\Documents\GitHub\GFX-Vulkan\VulkanApp\Utils.h(525,11): warning C4244:             _Rep=__int64
C:\Users\andy1\Documents\GitHub\GFX-Vulkan\VulkanApp\Utils.h(525,11): warning C4244:         ]
  (Quelldatei „Core/InstanceHandle.cpp“ wird kompiliert)
  
  InstancedModel.cpp
C:\Users\andy1\Documents\GitHub\GFX-Vulkan\VulkanApp\Utils.h(525,11): warning C4244: "Initialisierung": Konvertierung von "_Rep" in "int", möglicher Datenverlust
C:\Users\andy1\Documents\GitHub\GFX-Vulkan\VulkanApp\Utils.h(525,11): warning C4244:         with
C:\Users\andy1\Documents\GitHub\GFX-Vulkan\VulkanApp\Utils.h(525,11): warning C4244:         [
C:\Users\andy1\Documents\GitHub\GFX-Vulkan\VulkanApp\Utils.h(525,11): warning C4244:             _Rep=__int64
C:\Users\andy1\Documents\GitHub\GFX-Vulkan\VulkanApp\Utils.h(525,11): warning C4244:         ]
  (Quelldatei „Core/InstancedModel.cpp“ wird kompiliert)
  
  pbrmaterial.h is deprecated. Please update to PBR materials in materials.h and glTF-specific items in GltfMaterial.h
  Instancer.cpp
C:\Users\andy1\Documents\GitHub\GFX-Vulkan\VulkanApp\Utils.h(525,11): warning C4244: "Initialisierung": Konvertierung von "_Rep" in "int", möglicher Datenverlust
C:\Users\andy1\Documents\GitHub\GFX-Vulkan\VulkanApp\Utils.h(525,11): warning C4244:         with
C:\Users\andy1\Documents\GitHub\GFX-Vulkan\VulkanApp\Utils.h(525,11): warning C4244:         [
C:\Users\andy1\Documents\GitHub\GFX-Vulkan\VulkanApp\Utils.h(525,11): warning C4244:             _Rep=__int64
C:\Users\andy1\Documents\GitHub\GFX-Vulkan\VulkanApp\Utils.h(525,11): warning C4244:         ]
  (Quelldatei „Core/Instancer.cpp“ wird kompiliert)
  
  Model.cpp
C:\Users\andy1\Documents\GitHub\GFX-Vulkan\VulkanApp\Utils.h(525,11): warning C4244: "Initialisierung": Konvertierung von "_Rep" in "int", möglicher Datenverlust
C:\Users\andy1\Documents\GitHub\GFX-Vulkan\VulkanApp\Utils.h(525,11): warning C4244:         with
C:\Users\andy1\Documents\GitHub\GFX-Vulkan\VulkanApp\Utils.h(525,11): warning C4244:         [
C:\Users\andy1\Documents\GitHub\GFX-Vulkan\VulkanApp\Utils.h(525,11): warning C4244:             _Rep=__int64
C:\Users\andy1\Documents\GitHub\GFX-Vulkan\VulkanApp\Utils.h(525,11): warning C4244:         ]
  (Quelldatei „Core/Model.cpp“ wird kompiliert)
  
  pbrmaterial.h is deprecated. Please update to PBR materials in materials.h and glTF-specific items in GltfMaterial.h
  PrimitiveEntity.cpp
C:\Users\andy1\Documents\GitHub\GFX-Vulkan\VulkanApp\Utils.h(525,11): warning C4244: "Initialisierung": Konvertierung von "_Rep" in "int", möglicher Datenverlust
C:\Users\andy1\Documents\GitHub\GFX-Vulkan\VulkanApp\Utils.h(525,11): warning C4244:         with
C:\Users\andy1\Documents\GitHub\GFX-Vulkan\VulkanApp\Utils.h(525,11): warning C4244:         [
C:\Users\andy1\Documents\GitHub\GFX-Vulkan\VulkanApp\Utils.h(525,11): warning C4244:             _Rep=__int64
C:\Users\andy1\Documents\GitHub\GFX-Vulkan\VulkanApp\Utils.h(525,11): warning C4244:         ]
  (Quelldatei „Core/PrimitiveEntity.cpp“ wird kompiliert)
  
  Scene.cpp
C:\Users\andy1\Documents\GitHub\GFX-Vulkan\VulkanApp\Utils.h(525,11): warning C4244: "Initialisierung": Konvertierung von "_Rep" in "int", möglicher Datenverlust
C:\Users\andy1\Documents\GitHub\GFX-Vulkan\VulkanApp\Utils.h(525,11): warning C4244:         with
C:\Users\andy1\Documents\GitHub\GFX-Vulkan\VulkanApp\Utils.h(525,11): warning C4244:         [
C:\Users\andy1\Documents\GitHub\GFX-Vulkan\VulkanApp\Utils.h(525,11): warning C4244:             _Rep=__int64
C:\Users\andy1\Documents\GitHub\GFX-Vulkan\VulkanApp\Utils.h(525,11): warning C4244:         ]
  (Quelldatei „Core/Scene.cpp“ wird kompiliert)
  
  Scene3D.cpp
C:\Users\andy1\Documents\GitHub\GFX-Vulkan\VulkanApp\Utils.h(525,11): warning C4244: "Initialisierung": Konvertierung von "_Rep" in "int", möglicher Datenverlust
C:\Users\andy1\Documents\GitHub\GFX-Vulkan\VulkanApp\Utils.h(525,11): warning C4244:         with
C:\Users\andy1\Documents\GitHub\GFX-Vulkan\VulkanApp\Utils.h(525,11): warning C4244:         [
C:\Users\andy1\Documents\GitHub\GFX-Vulkan\VulkanApp\Utils.h(525,11): warning C4244:             _Rep=__int64
C:\Users\andy1\Documents\GitHub\GFX-Vulkan\VulkanApp\Utils.h(525,11): warning C4244:         ]
  (Quelldatei „Core/Scene3D.cpp“ wird kompiliert)
  
  Skybox.cpp
C:\Users\andy1\Documents\GitHub\GFX-Vulkan\VulkanApp\Utils.h(525,11): warning C4244: "Initialisierung": Konvertierung von "_Rep" in "int", möglicher Datenverlust
C:\Users\andy1\Documents\GitHub\GFX-Vulkan\VulkanApp\Utils.h(525,11): warning C4244:         with
C:\Users\andy1\Documents\GitHub\GFX-Vulkan\VulkanApp\Utils.h(525,11): warning C4244:         [
C:\Users\andy1\Documents\GitHub\GFX-Vulkan\VulkanApp\Utils.h(525,11): warning C4244:             _Rep=__int64
C:\Users\andy1\Documents\GitHub\GFX-Vulkan\VulkanApp\Utils.h(525,11): warning C4244:         ]
  (Quelldatei „Core/Skybox.cpp“ wird kompiliert)
  
  Sprite.cpp
C:\Users\andy1\Documents\GitHub\GFX-Vulkan\VulkanApp\Utils.h(525,11): warning C4244: "Initialisierung": Konvertierung von "_Rep" in "int", möglicher Datenverlust
C:\Users\andy1\Documents\GitHub\GFX-Vulkan\VulkanApp\Utils.h(525,11): warning C4244:         with
C:\Users\andy1\Documents\GitHub\GFX-Vulkan\VulkanApp\Utils.h(525,11): warning C4244:         [
C:\Users\andy1\Documents\GitHub\GFX-Vulkan\VulkanApp\Utils.h(525,11): warning C4244:             _Rep=__int64
C:\Users\andy1\Documents\GitHub\GFX-Vulkan\VulkanApp\Utils.h(525,11): warning C4244:         ]
  (Quelldatei „Core/Sprite.cpp“ wird kompiliert)
  
  Buffer.cpp
  Code wird generiert...
  Kompilieren...
  Camera.cpp
C:\Users\andy1\Documents\GitHub\GFX-Vulkan\VulkanApp\Utils.h(525,11): warning C4244: "Initialisierung": Konvertierung von "_Rep" in "int", möglicher Datenverlust
C:\Users\andy1\Documents\GitHub\GFX-Vulkan\VulkanApp\Utils.h(525,11): warning C4244:         with
C:\Users\andy1\Documents\GitHub\GFX-Vulkan\VulkanApp\Utils.h(525,11): warning C4244:         [
C:\Users\andy1\Documents\GitHub\GFX-Vulkan\VulkanApp\Utils.h(525,11): warning C4244:             _Rep=__int64
C:\Users\andy1\Documents\GitHub\GFX-Vulkan\VulkanApp\Utils.h(525,11): warning C4244:         ]
  (Quelldatei „Graphics/Camera.cpp“ wird kompiliert)
  
  Camera2D.cpp
C:\Users\andy1\Documents\GitHub\GFX-Vulkan\VulkanApp\Utils.h(525,11): warning C4244: "Initialisierung": Konvertierung von "_Rep" in "int", möglicher Datenverlust
C:\Users\andy1\Documents\GitHub\GFX-Vulkan\VulkanApp\Utils.h(525,11): warning C4244:         with
C:\Users\andy1\Documents\GitHub\GFX-Vulkan\VulkanApp\Utils.h(525,11): warning C4244:         [
C:\Users\andy1\Documents\GitHub\GFX-Vulkan\VulkanApp\Utils.h(525,11): warning C4244:             _Rep=__int64
C:\Users\andy1\Documents\GitHub\GFX-Vulkan\VulkanApp\Utils.h(525,11): warning C4244:         ]
  (Quelldatei „Graphics/Camera2D.cpp“ wird kompiliert)
  
  Camera3D.cpp
C:\Users\andy1\Documents\GitHub\GFX-Vulkan\VulkanApp\Utils.h(525,11): warning C4244: "Initialisierung": Konvertierung von "_Rep" in "int", möglicher Datenverlust
C:\Users\andy1\Documents\GitHub\GFX-Vulkan\VulkanApp\Utils.h(525,11): warning C4244:         with
C:\Users\andy1\Documents\GitHub\GFX-Vulkan\VulkanApp\Utils.h(525,11): warning C4244:         [
C:\Users\andy1\Documents\GitHub\GFX-Vulkan\VulkanApp\Utils.h(525,11): warning C4244:             _Rep=__int64
C:\Users\andy1\Documents\GitHub\GFX-Vulkan\VulkanApp\Utils.h(525,11): warning C4244:         ]
  (Quelldatei „Graphics/Camera3D.cpp“ wird kompiliert)
  
  Cubemap.cpp
C:\Users\andy1\Documents\GitHub\GFX-Vulkan\VulkanApp\Utils.h(525,11): warning C4244: "Initialisierung": Konvertierung von "_Rep" in "int", möglicher Datenverlust
C:\Users\andy1\Documents\GitHub\GFX-Vulkan\VulkanApp\Utils.h(525,11): warning C4244:         with
C:\Users\andy1\Documents\GitHub\GFX-Vulkan\VulkanApp\Utils.h(525,11): warning C4244:         [
C:\Users\andy1\Documents\GitHub\GFX-Vulkan\VulkanApp\Utils.h(525,11): warning C4244:             _Rep=__int64
C:\Users\andy1\Documents\GitHub\GFX-Vulkan\VulkanApp\Utils.h(525,11): warning C4244:         ]
  (Quelldatei „Graphics/Cubemap.cpp“ wird kompiliert)
  
C:\Users\andy1\Documents\GitHub\GFX-Vulkan\VulkanApp\Graphics\Cubemap.cpp(10,22): warning C4101: "channels": Unreferenzierte lokale Variable
  CubemapBuffer.cpp
C:\Users\andy1\Documents\GitHub\GFX-Vulkan\VulkanApp\Utils.h(525,11): warning C4244: "Initialisierung": Konvertierung von "_Rep" in "int", möglicher Datenverlust
C:\Users\andy1\Documents\GitHub\GFX-Vulkan\VulkanApp\Utils.h(525,11): warning C4244:         with
C:\Users\andy1\Documents\GitHub\GFX-Vulkan\VulkanApp\Utils.h(525,11): warning C4244:         [
C:\Users\andy1\Documents\GitHub\GFX-Vulkan\VulkanApp\Utils.h(525,11): warning C4244:             _Rep=__int64
C:\Users\andy1\Documents\GitHub\GFX-Vulkan\VulkanApp\Utils.h(525,11): warning C4244:         ]
  (Quelldatei „Graphics/CubemapBuffer.cpp“ wird kompiliert)
  
  DefaultRenderPass.cpp
  DirectionalLight.cpp
C:\Users\andy1\Documents\GitHub\GFX-Vulkan\VulkanApp\Utils.h(525,11): warning C4244: "Initialisierung": Konvertierung von "_Rep" in "int", möglicher Datenverlust
C:\Users\andy1\Documents\GitHub\GFX-Vulkan\VulkanApp\Utils.h(525,11): warning C4244:         with
C:\Users\andy1\Documents\GitHub\GFX-Vulkan\VulkanApp\Utils.h(525,11): warning C4244:         [
C:\Users\andy1\Documents\GitHub\GFX-Vulkan\VulkanApp\Utils.h(525,11): warning C4244:             _Rep=__int64
C:\Users\andy1\Documents\GitHub\GFX-Vulkan\VulkanApp\Utils.h(525,11): warning C4244:         ]
  (Quelldatei „Graphics/DirectionalLight.cpp“ wird kompiliert)
  
  Font.cpp
  FontAtlas.cpp
  ImageBuffer.cpp
C:\Users\andy1\Documents\GitHub\GFX-Vulkan\VulkanApp\Utils.h(525,11): warning C4244: "Initialisierung": Konvertierung von "_Rep" in "int", möglicher Datenverlust
C:\Users\andy1\Documents\GitHub\GFX-Vulkan\VulkanApp\Utils.h(525,11): warning C4244:         with
C:\Users\andy1\Documents\GitHub\GFX-Vulkan\VulkanApp\Utils.h(525,11): warning C4244:         [
C:\Users\andy1\Documents\GitHub\GFX-Vulkan\VulkanApp\Utils.h(525,11): warning C4244:             _Rep=__int64
C:\Users\andy1\Documents\GitHub\GFX-Vulkan\VulkanApp\Utils.h(525,11): warning C4244:         ]
  (Quelldatei „Graphics/ImageBuffer.cpp“ wird kompiliert)
  
  ImageTexture.cpp
C:\Users\andy1\Documents\GitHub\GFX-Vulkan\VulkanApp\Utils.h(525,11): warning C4244: "Initialisierung": Konvertierung von "_Rep" in "int", möglicher Datenverlust
C:\Users\andy1\Documents\GitHub\GFX-Vulkan\VulkanApp\Utils.h(525,11): warning C4244:         with
C:\Users\andy1\Documents\GitHub\GFX-Vulkan\VulkanApp\Utils.h(525,11): warning C4244:         [
C:\Users\andy1\Documents\GitHub\GFX-Vulkan\VulkanApp\Utils.h(525,11): warning C4244:             _Rep=__int64
C:\Users\andy1\Documents\GitHub\GFX-Vulkan\VulkanApp\Utils.h(525,11): warning C4244:         ]
  (Quelldatei „Graphics/ImageTexture.cpp“ wird kompiliert)
  
  IndexBuffer.cpp
C:\Users\andy1\Documents\GitHub\GFX-Vulkan\VulkanApp\Utils.h(525,11): warning C4244: "Initialisierung": Konvertierung von "_Rep" in "int", möglicher Datenverlust
C:\Users\andy1\Documents\GitHub\GFX-Vulkan\VulkanApp\Utils.h(525,11): warning C4244:         with
C:\Users\andy1\Documents\GitHub\GFX-Vulkan\VulkanApp\Utils.h(525,11): warning C4244:         [
C:\Users\andy1\Documents\GitHub\GFX-Vulkan\VulkanApp\Utils.h(525,11): warning C4244:             _Rep=__int64
C:\Users\andy1\Documents\GitHub\GFX-Vulkan\VulkanApp\Utils.h(525,11): warning C4244:         ]
  (Quelldatei „Graphics/IndexBuffer.cpp“ wird kompiliert)
  
C:\Users\andy1\Documents\GitHub\GFX-Vulkan\VulkanApp\Graphics\IndexBuffer.cpp(56,30): warning C4267: "=": Konvertierung von "size_t" nach "int", Datenverlust möglich
  Mesh.cpp
C:\Users\andy1\Documents\GitHub\GFX-Vulkan\VulkanApp\Utils.h(525,11): warning C4244: "Initialisierung": Konvertierung von "_Rep" in "int", möglicher Datenverlust
C:\Users\andy1\Documents\GitHub\GFX-Vulkan\VulkanApp\Utils.h(525,11): warning C4244:         with
C:\Users\andy1\Documents\GitHub\GFX-Vulkan\VulkanApp\Utils.h(525,11): warning C4244:         [
C:\Users\andy1\Documents\GitHub\GFX-Vulkan\VulkanApp\Utils.h(525,11): warning C4244:             _Rep=__int64
C:\Users\andy1\Documents\GitHub\GFX-Vulkan\VulkanApp\Utils.h(525,11): warning C4244:         ]
  (Quelldatei „Graphics/Mesh.cpp“ wird kompiliert)
  
  OffscreenRenderPass.cpp
  PBRMaterial.cpp
C:\Users\andy1\Documents\GitHub\GFX-Vulkan\VulkanApp\Utils.h(525,11): warning C4244: "Initialisierung": Konvertierung von "_Rep" in "int", möglicher Datenverlust
C:\Users\andy1\Documents\GitHub\GFX-Vulkan\VulkanApp\Utils.h(525,11): warning C4244:         with
C:\Users\andy1\Documents\GitHub\GFX-Vulkan\VulkanApp\Utils.h(525,11): warning C4244:         [
C:\Users\andy1\Documents\GitHub\GFX-Vulkan\VulkanApp\Utils.h(525,11): warning C4244:             _Rep=__int64
C:\Users\andy1\Documents\GitHub\GFX-Vulkan\VulkanApp\Utils.h(525,11): warning C4244:         ]
  (Quelldatei „Graphics/PBRMaterial.cpp“ wird kompiliert)
  
  Pipeline.cpp
C:\Users\andy1\Documents\GitHub\GFX-Vulkan\VulkanApp\Utils.h(525,11): warning C4244: "Initialisierung": Konvertierung von "_Rep" in "int", möglicher Datenverlust
C:\Users\andy1\Documents\GitHub\GFX-Vulkan\VulkanApp\Utils.h(525,11): warning C4244:         with
C:\Users\andy1\Documents\GitHub\GFX-Vulkan\VulkanApp\Utils.h(525,11): warning C4244:         [
C:\Users\andy1\Documents\GitHub\GFX-Vulkan\VulkanApp\Utils.h(525,11): warning C4244:             _Rep=__int64
C:\Users\andy1\Documents\GitHub\GFX-Vulkan\VulkanApp\Utils.h(525,11): warning C4244:         ]
  (Quelldatei „Graphics/Pipeline.cpp“ wird kompiliert)
  
  PipelineManager.cpp
C:\Users\andy1\Documents\GitHub\GFX-Vulkan\VulkanApp\Utils.h(525,11): warning C4244: "Initialisierung": Konvertierung von "_Rep" in "int", möglicher Datenverlust
C:\Users\andy1\Documents\GitHub\GFX-Vulkan\VulkanApp\Utils.h(525,11): warning C4244:         with
C:\Users\andy1\Documents\GitHub\GFX-Vulkan\VulkanApp\Utils.h(525,11): warning C4244:         [
C:\Users\andy1\Documents\GitHub\GFX-Vulkan\VulkanApp\Utils.h(525,11): warning C4244:             _Rep=__int64
C:\Users\andy1\Documents\GitHub\GFX-Vulkan\VulkanApp\Utils.h(525,11): warning C4244:         ]
  (Quelldatei „Graphics/PipelineManager.cpp“ wird kompiliert)
  
  Primitive.cpp
C:\Users\andy1\Documents\GitHub\GFX-Vulkan\VulkanApp\Utils.h(525,11): warning C4244: "Initialisierung": Konvertierung von "_Rep" in "int", möglicher Datenverlust
C:\Users\andy1\Documents\GitHub\GFX-Vulkan\VulkanApp\Utils.h(525,11): warning C4244:         with
C:\Users\andy1\Documents\GitHub\GFX-Vulkan\VulkanApp\Utils.h(525,11): warning C4244:         [
C:\Users\andy1\Documents\GitHub\GFX-Vulkan\VulkanApp\Utils.h(525,11): warning C4244:             _Rep=__int64
C:\Users\andy1\Documents\GitHub\GFX-Vulkan\VulkanApp\Utils.h(525,11): warning C4244:         ]
  (Quelldatei „Graphics/Primitive.cpp“ wird kompiliert)
  
C:\Users\andy1\Documents\GitHub\GFX-Vulkan\VulkanApp\Graphics\Primitive.cpp(86,15): warning C4244: "Initialisierung": Konvertierung von "double" in "float", möglicher Datenverlust
C:\Users\andy1\Documents\GitHub\GFX-Vulkan\VulkanApp\Graphics\Primitive.cpp(92,14): warning C4244: "Initialisierung": Konvertierung von "double" in "float", möglicher Datenverlust
  RenderPassManager.cpp
C:\Users\andy1\Documents\GitHub\GFX-Vulkan\VulkanApp\Graphics\RenderPassManager.cpp(7,31): warning C4267: "return": Konvertierung von "size_t" nach "int", Datenverlust möglich
  RenderTarget.cpp
C:\Users\andy1\Documents\GitHub\GFX-Vulkan\VulkanApp\Utils.h(525,11): warning C4244: "Initialisierung": Konvertierung von "_Rep" in "int", möglicher Datenverlust
C:\Users\andy1\Documents\GitHub\GFX-Vulkan\VulkanApp\Utils.h(525,11): warning C4244:         with
C:\Users\andy1\Documents\GitHub\GFX-Vulkan\VulkanApp\Utils.h(525,11): warning C4244:         [
C:\Users\andy1\Documents\GitHub\GFX-Vulkan\VulkanApp\Utils.h(525,11): warning C4244:             _Rep=__int64
C:\Users\andy1\Documents\GitHub\GFX-Vulkan\VulkanApp\Utils.h(525,11): warning C4244:         ]
  (Quelldatei „Graphics/RenderTarget.cpp“ wird kompiliert)
  
  Code wird generiert...
C:\Users\andy1\Documents\GitHub\GFX-Vulkan\VulkanApp\Utils.h(143,1): warning C4715: "findMemoryType": Nicht alle Codepfade geben einen Wert zurück.
C:\Users\andy1\Documents\GitHub\GFX-Vulkan\VulkanApp\Utils.h(143,1): warning C4715: "findMemoryType": Nicht alle Codepfade geben einen Wert zurück.
C:\Users\andy1\Documents\GitHub\GFX-Vulkan\VulkanApp\Utils.h(143,1): warning C4715: "findMemoryType": Nicht alle Codepfade geben einen Wert zurück.
C:\Users\andy1\Documents\GitHub\GFX-Vulkan\VulkanApp\Utils.h(143,1): warning C4715: "findMemoryType": Nicht alle Codepfade geben einen Wert zurück.
C:\Users\andy1\Documents\GitHub\GFX-Vulkan\VulkanApp\Graphics\Camera3D.cpp(129,1): warning C4172: Adresse einer lokalen Variablen oder eines temporären Werts ": frustumPoints" wird zurückgegeben
C:\Users\andy1\Documents\GitHub\GFX-Vulkan\VulkanApp\Graphics\Camera2D.cpp(13,1): warning C4715: "Camera2D::calculateScreenCorrection": Nicht alle Codepfade geben einen Wert zurück.
C:\Users\andy1\Documents\GitHub\GFX-Vulkan\VulkanApp\Graphics\Camera2D.cpp(134,1): warning C4172: Adresse einer lokalen Variablen oder eines temporären Werts ": frustumPoints" wird zurückgegeben
  Kompilieren...
  Renderer.cpp
C:\Users\andy1\Documents\GitHub\GFX-Vulkan\VulkanApp\Utils.h(525,11): warning C4244: "Initialisierung": Konvertierung von "_Rep" in "int", möglicher Datenverlust
C:\Users\andy1\Documents\GitHub\GFX-Vulkan\VulkanApp\Utils.h(525,11): warning C4244:         with
C:\Users\andy1\Documents\GitHub\GFX-Vulkan\VulkanApp\Utils.h(525,11): warning C4244:         [
C:\Users\andy1\Documents\GitHub\GFX-Vulkan\VulkanApp\Utils.h(525,11): warning C4244:             _Rep=__int64
C:\Users\andy1\Documents\GitHub\GFX-Vulkan\VulkanApp\Utils.h(525,11): warning C4244:         ]
  (Quelldatei „Graphics/Renderer.cpp“ wird kompiliert)
  
C:\Users\andy1\Documents\GitHub\GFX-Vulkan\VulkanApp\Graphics\Renderer.cpp(664,46): warning C4267: "=": Konvertierung von "size_t" nach "int", Datenverlust möglich
C:\Users\andy1\Documents\GitHub\GFX-Vulkan\VulkanApp\Graphics\Renderer.cpp(772,56): warning C4267: "=": Konvertierung von "size_t" nach "uint32_t", Datenverlust möglich
C:\Users\andy1\Documents\GitHub\GFX-Vulkan\VulkanApp\Graphics\Renderer.cpp(776,48): warning C4267: "=": Konvertierung von "size_t" nach "uint32_t", Datenverlust möglich
C:\Users\andy1\Documents\GitHub\GFX-Vulkan\VulkanApp\Graphics\Renderer.cpp(1057,48): warning C4267: "Argument": Konvertierung von "size_t" nach "uint32_t", Datenverlust möglich
C:\Users\andy1\Documents\GitHub\GFX-Vulkan\VulkanApp\Graphics\Renderer.cpp(1059,33): warning C4267: "=": Konvertierung von "size_t" nach "int", Datenverlust möglich
C:\Users\andy1\Documents\GitHub\GFX-Vulkan\VulkanApp\Graphics\Renderer.cpp(1282,20): warning C4834: Rückgabewert der Funktion mit [[nodiscard]]-Attribut wird verworfen
C:\Users\andy1\Documents\GitHub\GFX-Vulkan\VulkanApp\Graphics\Renderer.cpp(1350,46): warning C4267: "return": Konvertierung von "size_t" nach "int", Datenverlust möglich
C:\Users\andy1\Documents\GitHub\GFX-Vulkan\VulkanApp\Graphics\Renderer.cpp(1390,40): warning C4267: "return": Konvertierung von "size_t" nach "int", Datenverlust möglich
C:\Users\andy1\Documents\GitHub\GFX-Vulkan\VulkanApp\Graphics\Renderer.cpp(1430,40): warning C4267: "return": Konvertierung von "size_t" nach "int", Datenverlust möglich
C:\Users\andy1\Documents\GitHub\GFX-Vulkan\VulkanApp\Graphics\Renderer.cpp(1469,46): warning C4267: "return": Konvertierung von "size_t" nach "int", Datenverlust möglich
C:\Users\andy1\Documents\GitHub\GFX-Vulkan\VulkanApp\Graphics\Renderer.cpp(1536,32): warning C4267: "return": Konvertierung von "size_t" nach "int", Datenverlust möglich
C:\Users\andy1\Documents\GitHub\GFX-Vulkan\VulkanApp\Graphics\Renderer.cpp(1550,33): warning C4267: "return": Konvertierung von "size_t" nach "int", Datenverlust möglich
C:\Users\andy1\Documents\GitHub\GFX-Vulkan\VulkanApp\Graphics\Renderer.cpp(1567,31): warning C4267: "return": Konvertierung von "size_t" nach "int", Datenverlust möglich
C:\Users\andy1\Documents\GitHub\GFX-Vulkan\VulkanApp\Graphics\Renderer.cpp(1584,27): warning C4267: "return": Konvertierung von "size_t" nach "int", Datenverlust möglich
C:\Users\andy1\Documents\GitHub\GFX-Vulkan\VulkanApp\Graphics\Renderer.cpp(1616,31): warning C4267: "return": Konvertierung von "size_t" nach "int", Datenverlust möglich
C:\Users\andy1\Documents\GitHub\GFX-Vulkan\VulkanApp\Graphics\Renderer.cpp(1793,31): warning C4267: "return": Konvertierung von "size_t" nach "int", Datenverlust möglich
C:\Users\andy1\Documents\GitHub\GFX-Vulkan\VulkanApp\Graphics\Renderer.cpp(1809,32): warning C4267: "return": Konvertierung von "size_t" nach "int", Datenverlust möglich
C:\Users\andy1\Documents\GitHub\GFX-Vulkan\VulkanApp\Graphics\Renderer.cpp(1826,33): warning C4267: "return": Konvertierung von "size_t" nach "int", Datenverlust möglich
C:\Users\andy1\Documents\GitHub\GFX-Vulkan\VulkanApp\Graphics\Renderer.cpp(1876,18): warning C4267: "Initialisierung": Konvertierung von "size_t" nach "int", Datenverlust möglich
C:\Users\andy1\Documents\GitHub\GFX-Vulkan\VulkanApp\Graphics\Renderer.cpp(1898,30): warning C4267: "return": Konvertierung von "size_t" nach "int", Datenverlust möglich
  StorageBuffer.cpp
C:\Users\andy1\Documents\GitHub\GFX-Vulkan\VulkanApp\Utils.h(525,11): warning C4244: "Initialisierung": Konvertierung von "_Rep" in "int", möglicher Datenverlust
C:\Users\andy1\Documents\GitHub\GFX-Vulkan\VulkanApp\Utils.h(525,11): warning C4244:         with
C:\Users\andy1\Documents\GitHub\GFX-Vulkan\VulkanApp\Utils.h(525,11): warning C4244:         [
C:\Users\andy1\Documents\GitHub\GFX-Vulkan\VulkanApp\Utils.h(525,11): warning C4244:             _Rep=__int64
C:\Users\andy1\Documents\GitHub\GFX-Vulkan\VulkanApp\Utils.h(525,11): warning C4244:         ]
  (Quelldatei „Graphics/StorageBuffer.cpp“ wird kompiliert)
  
  UniformBuffer.cpp
C:\Users\andy1\Documents\GitHub\GFX-Vulkan\VulkanApp\Utils.h(525,11): warning C4244: "Initialisierung": Konvertierung von "_Rep" in "int", möglicher Datenverlust
C:\Users\andy1\Documents\GitHub\GFX-Vulkan\VulkanApp\Utils.h(525,11): warning C4244:         with
C:\Users\andy1\Documents\GitHub\GFX-Vulkan\VulkanApp\Utils.h(525,11): warning C4244:         [
C:\Users\andy1\Documents\GitHub\GFX-Vulkan\VulkanApp\Utils.h(525,11): warning C4244:             _Rep=__int64
C:\Users\andy1\Documents\GitHub\GFX-Vulkan\VulkanApp\Utils.h(525,11): warning C4244:         ]
  (Quelldatei „Graphics/UniformBuffer.cpp“ wird kompiliert)
  
  UnlitMaterial.cpp
C:\Users\andy1\Documents\GitHub\GFX-Vulkan\VulkanApp\Utils.h(525,11): warning C4244: "Initialisierung": Konvertierung von "_Rep" in "int", möglicher Datenverlust
C:\Users\andy1\Documents\GitHub\GFX-Vulkan\VulkanApp\Utils.h(525,11): warning C4244:         with
C:\Users\andy1\Documents\GitHub\GFX-Vulkan\VulkanApp\Utils.h(525,11): warning C4244:         [
C:\Users\andy1\Documents\GitHub\GFX-Vulkan\VulkanApp\Utils.h(525,11): warning C4244:             _Rep=__int64
C:\Users\andy1\Documents\GitHub\GFX-Vulkan\VulkanApp\Utils.h(525,11): warning C4244:         ]
  (Quelldatei „Graphics/UnlitMaterial.cpp“ wird kompiliert)
  
  VertexBuffer.cpp
C:\Users\andy1\Documents\GitHub\GFX-Vulkan\VulkanApp\Utils.h(525,11): warning C4244: "Initialisierung": Konvertierung von "_Rep" in "int", möglicher Datenverlust
C:\Users\andy1\Documents\GitHub\GFX-Vulkan\VulkanApp\Utils.h(525,11): warning C4244:         with
C:\Users\andy1\Documents\GitHub\GFX-Vulkan\VulkanApp\Utils.h(525,11): warning C4244:         [
C:\Users\andy1\Documents\GitHub\GFX-Vulkan\VulkanApp\Utils.h(525,11): warning C4244:             _Rep=__int64
C:\Users\andy1\Documents\GitHub\GFX-Vulkan\VulkanApp\Utils.h(525,11): warning C4244:         ]
  (Quelldatei „Graphics/VertexBuffer.cpp“ wird kompiliert)
  
C:\Users\andy1\Documents\GitHub\GFX-Vulkan\VulkanApp\Graphics\VertexBuffer.cpp(17,29): warning C4267: "=": Konvertierung von "size_t" nach "uint32_t", Datenverlust möglich
C:\Users\andy1\Documents\GitHub\GFX-Vulkan\VulkanApp\Graphics\VertexBuffer.cpp(108,29): warning C4267: "=": Konvertierung von "size_t" nach "uint32_t", Datenverlust möglich
C:\Users\andy1\Documents\GitHub\GFX-Vulkan\VulkanApp\Graphics\VertexBuffer.cpp(122,29): warning C4267: "=": Konvertierung von "size_t" nach "uint32_t", Datenverlust möglich
C:\Users\andy1\Documents\GitHub\GFX-Vulkan\VulkanApp\Graphics\VertexBuffer.cpp(151,33): warning C4267: "=": Konvertierung von "size_t" nach "int", Datenverlust möglich
C:\Users\andy1\Documents\GitHub\GFX-Vulkan\VulkanApp\Graphics\VertexBuffer.cpp(164,32): warning C4267: "=": Konvertierung von "size_t" nach "int", Datenverlust möglich
C:\Users\andy1\Documents\GitHub\GFX-Vulkan\VulkanApp\Graphics\VertexBuffer.cpp(215,32): warning C4267: "=": Konvertierung von "size_t" nach "int", Datenverlust möglich
  AABB.cpp
  Frustum.cpp
  Plane.cpp
  RayCast.cpp
C:\Users\andy1\Documents\GitHub\GFX-Vulkan\VulkanApp\Utils.h(525,11): warning C4244: "Initialisierung": Konvertierung von "_Rep" in "int", möglicher Datenverlust
C:\Users\andy1\Documents\GitHub\GFX-Vulkan\VulkanApp\Utils.h(525,11): warning C4244:         with
C:\Users\andy1\Documents\GitHub\GFX-Vulkan\VulkanApp\Utils.h(525,11): warning C4244:         [
C:\Users\andy1\Documents\GitHub\GFX-Vulkan\VulkanApp\Utils.h(525,11): warning C4244:             _Rep=__int64
C:\Users\andy1\Documents\GitHub\GFX-Vulkan\VulkanApp\Utils.h(525,11): warning C4244:         ]
  (Quelldatei „Math/RayCast.cpp“ wird kompiliert)
  
  Transform.cpp
  StringUtils.cpp
  Canvas.cpp
C:\Users\andy1\Documents\GitHub\GFX-Vulkan\VulkanApp\Utils.h(525,11): warning C4244: "Initialisierung": Konvertierung von "_Rep" in "int", möglicher Datenverlust
C:\Users\andy1\Documents\GitHub\GFX-Vulkan\VulkanApp\Utils.h(525,11): warning C4244:         with
C:\Users\andy1\Documents\GitHub\GFX-Vulkan\VulkanApp\Utils.h(525,11): warning C4244:         [
C:\Users\andy1\Documents\GitHub\GFX-Vulkan\VulkanApp\Utils.h(525,11): warning C4244:             _Rep=__int64
C:\Users\andy1\Documents\GitHub\GFX-Vulkan\VulkanApp\Utils.h(525,11): warning C4244:         ]
  (Quelldatei „UI/Canvas.cpp“ wird kompiliert)
  
  Label.cpp
C:\Users\andy1\Documents\GitHub\GFX-Vulkan\VulkanApp\Utils.h(525,11): warning C4244: "Initialisierung": Konvertierung von "_Rep" in "int", möglicher Datenverlust
C:\Users\andy1\Documents\GitHub\GFX-Vulkan\VulkanApp\Utils.h(525,11): warning C4244:         with
C:\Users\andy1\Documents\GitHub\GFX-Vulkan\VulkanApp\Utils.h(525,11): warning C4244:         [
C:\Users\andy1\Documents\GitHub\GFX-Vulkan\VulkanApp\Utils.h(525,11): warning C4244:             _Rep=__int64
C:\Users\andy1\Documents\GitHub\GFX-Vulkan\VulkanApp\Utils.h(525,11): warning C4244:         ]
  (Quelldatei „UI/Label.cpp“ wird kompiliert)
  
  Code wird generiert...
C:\Users\andy1\Documents\GitHub\GFX-Vulkan\VulkanApp\Utils.h(143,1): warning C4715: "findMemoryType": Nicht alle Codepfade geben einen Wert zurück.
C:\Users\andy1\Documents\GitHub\GFX-Vulkan\VulkanApp\Utils.h(143,1): warning C4715: "findMemoryType": Nicht alle Codepfade geben einen Wert zurück.
C:\Users\andy1\Documents\GitHub\GFX-Vulkan\VulkanApp\Utils.h(143,1): warning C4715: "findMemoryType": Nicht alle Codepfade geben einen Wert zurück.
C:\Users\andy1\Documents\GitHub\GFX-Vulkan\VulkanApp\Graphics\Renderer.cpp(1283,1): warning C4715: "Renderer::chooseSupportedFormat": Nicht alle Codepfade geben einen Wert zurück.
C:\Users\andy1\Documents\GitHub\GFX-Vulkan\VulkanApp\Graphics\Renderer.cpp(1631,1): warning C4715: "Renderer::getIndexBuffer": Nicht alle Codepfade geben einen Wert zurück.
C:\Users\andy1\Documents\GitHub\GFX-Vulkan\VulkanApp\Graphics\Renderer.cpp(1624,1): warning C4715: "Renderer::getVertexBuffer": Nicht alle Codepfade geben einen Wert zurück.
C:\Users\andy1\Documents\GitHub\GFX-Vulkan\VulkanApp\Graphics\Renderer.cpp(1638,1): warning C4715: "Renderer::getUniformBuffer": Nicht alle Codepfade geben einen Wert zurück.
C:\Users\andy1\Documents\GitHub\GFX-Vulkan\VulkanApp\Graphics\Renderer.cpp(1646,1): warning C4715: "Renderer::getImageBuffer": Nicht alle Codepfade geben einen Wert zurück.
C:\Users\andy1\Documents\GitHub\GFX-Vulkan\VulkanApp\Graphics\Renderer.cpp(1731,1): warning C4715: "Renderer::getCommandBuffer": Nicht alle Codepfade geben einen Wert zurück.
C:\Users\andy1\Documents\GitHub\GFX-Vulkan\VulkanApp\Graphics\Renderer.cpp(1753,1): warning C4715: "Renderer::getSwapchainFramebuffer": Nicht alle Codepfade geben einen Wert zurück.
C:\Users\andy1\Documents\GitHub\GFX-Vulkan\VulkanApp\Utils.h(143,1): warning C4715: "findMemoryType": Nicht alle Codepfade geben einen Wert zurück.
  VulkanApp.vcxproj -> C:\Users\andy1\Documents\GitHub\GFX-Vulkan\x64\Debug (Lib)\VulkanApp.lib
  C:\Users\andy1\Documents\GitHub\GFX-Vulkan\VulkanApp\shaders\compile.bat
  C:\Users\andy1\Documents\GitHub\GFX-Vulkan\VulkanApp\shaders\frag.spv
  C:\Users\andy1\Documents\GitHub\GFX-Vulkan\VulkanApp\shaders\frag_2d.spv
  C:\Users\andy1\Documents\GitHub\GFX-Vulkan\VulkanApp\shaders\fullscreen.frag
  C:\Users\andy1\Documents\GitHub\GFX-Vulkan\VulkanApp\shaders\fullscreen.vert
  C:\Users\andy1\Documents\GitHub\GFX-Vulkan\VulkanApp\shaders\fullscreen_frag.spv
  C:\Users\andy1\Documents\GitHub\GFX-Vulkan\VulkanApp\shaders\fullscreen_vert.spv
  C:\Users\andy1\Documents\GitHub\GFX-Vulkan\VulkanApp\shaders\shader.frag
  C:\Users\andy1\Documents\GitHub\GFX-Vulkan\VulkanApp\shaders\shader.vert
  C:\Users\andy1\Documents\GitHub\GFX-Vulkan\VulkanApp\shaders\shader3di.frag
  C:\Users\andy1\Documents\GitHub\GFX-Vulkan\VulkanApp\shaders\shader3di.vert
  C:\Users\andy1\Documents\GitHub\GFX-Vulkan\VulkanApp\shaders\shader3di_frag.spv
  C:\Users\andy1\Documents\GitHub\GFX-Vulkan\VulkanApp\shaders\shader3di_vert.spv
  C:\Users\andy1\Documents\GitHub\GFX-Vulkan\VulkanApp\shaders\shader_2d.frag
  C:\Users\andy1\Documents\GitHub\GFX-Vulkan\VulkanApp\shaders\shader_2d.vert
  C:\Users\andy1\Documents\GitHub\GFX-Vulkan\VulkanApp\shaders\shader_unlit3D.frag
  C:\Users\andy1\Documents\GitHub\GFX-Vulkan\VulkanApp\shaders\shader_unlit3D.vert
  C:\Users\andy1\Documents\GitHub\GFX-Vulkan\VulkanApp\shaders\shader_unlit3Di.frag
  C:\Users\andy1\Documents\GitHub\GFX-Vulkan\VulkanApp\shaders\shader_unlit3Di.vert
  C:\Users\andy1\Documents\GitHub\GFX-Vulkan\VulkanApp\shaders\shader_unlit3Di_frag.spv
  C:\Users\andy1\Documents\GitHub\GFX-Vulkan\VulkanApp\shaders\shader_unlit3Di_vert.spv
  C:\Users\andy1\Documents\GitHub\GFX-Vulkan\VulkanApp\shaders\shader_unlit3D_frag.spv
  C:\Users\andy1\Documents\GitHub\GFX-Vulkan\VulkanApp\shaders\shader_unlit3D_vert.spv
  C:\Users\andy1\Documents\GitHub\GFX-Vulkan\VulkanApp\shaders\skybox.frag
  C:\Users\andy1\Documents\GitHub\GFX-Vulkan\VulkanApp\shaders\skybox.vert
  C:\Users\andy1\Documents\GitHub\GFX-Vulkan\VulkanApp\shaders\skybox_frag.spv
  C:\Users\andy1\Documents\GitHub\GFX-Vulkan\VulkanApp\shaders\skybox_vert.spv
  C:\Users\andy1\Documents\GitHub\GFX-Vulkan\VulkanApp\shaders\solid.frag
  C:\Users\andy1\Documents\GitHub\GFX-Vulkan\VulkanApp\shaders\solid.vert
  C:\Users\andy1\Documents\GitHub\GFX-Vulkan\VulkanApp\shaders\solid_frag.spv
  C:\Users\andy1\Documents\GitHub\GFX-Vulkan\VulkanApp\shaders\solid_vert.spv
  C:\Users\andy1\Documents\GitHub\GFX-Vulkan\VulkanApp\shaders\text.frag
  C:\Users\andy1\Documents\GitHub\GFX-Vulkan\VulkanApp\shaders\text.vert
  C:\Users\andy1\Documents\GitHub\GFX-Vulkan\VulkanApp\shaders\text_frag.spv
  C:\Users\andy1\Documents\GitHub\GFX-Vulkan\VulkanApp\shaders\text_vert.spv
  C:\Users\andy1\Documents\GitHub\GFX-Vulkan\VulkanApp\shaders\triangle.frag
  C:\Users\andy1\Documents\GitHub\GFX-Vulkan\VulkanApp\shaders\triangle.vert
  C:\Users\andy1\Documents\GitHub\GFX-Vulkan\VulkanApp\shaders\triangle_frag.spv
  C:\Users\andy1\Documents\GitHub\GFX-Vulkan\VulkanApp\shaders\triangle_vert.spv
  C:\Users\andy1\Documents\GitHub\GFX-Vulkan\VulkanApp\shaders\vert.spv
  C:\Users\andy1\Documents\GitHub\GFX-Vulkan\VulkanApp\shaders\vert_2d.spv
  41 Datei(en) kopiert
  C:\Users\andy1\Documents\GitHub\GFX-Vulkan\VulkanApp\resource.h
  C:\Users\andy1\Documents\GitHub\GFX-Vulkan\VulkanApp\stb_image.h
  C:\Users\andy1\Documents\GitHub\GFX-Vulkan\VulkanApp\StringUtils.h
  C:\Users\andy1\Documents\GitHub\GFX-Vulkan\VulkanApp\Utils.h
  C:\Users\andy1\Documents\GitHub\GFX-Vulkan\VulkanApp\Assets\AssetManager.h
  C:\Users\andy1\Documents\GitHub\GFX-Vulkan\VulkanApp\Assets\AssetRessource.h
  C:\Users\andy1\Documents\GitHub\GFX-Vulkan\VulkanApp\Assets\ModelLoader.h
  C:\Users\andy1\Documents\GitHub\GFX-Vulkan\VulkanApp\Assets\StaticMeshesRsc.h
  C:\Users\andy1\Documents\GitHub\GFX-Vulkan\VulkanApp\Components\FrustumCullingBhv.h
  C:\Users\andy1\Documents\GitHub\GFX-Vulkan\VulkanApp\Components\RotationBehavior.h
  C:\Users\andy1\Documents\GitHub\GFX-Vulkan\VulkanApp\Core\Behavior.h
  C:\Users\andy1\Documents\GitHub\GFX-Vulkan\VulkanApp\Core\ChunkedScene3D.h
  C:\Users\andy1\Documents\GitHub\GFX-Vulkan\VulkanApp\Core\Entity.h
  C:\Users\andy1\Documents\GitHub\GFX-Vulkan\VulkanApp\Core\Game.h
  C:\Users\andy1\Documents\GitHub\GFX-Vulkan\VulkanApp\Core\GFX.h
  C:\Users\andy1\Documents\GitHub\GFX-Vulkan\VulkanApp\Core\Input.h
  C:\Users\andy1\Documents\GitHub\GFX-Vulkan\VulkanApp\Core\InstancedModel.h
  C:\Users\andy1\Documents\GitHub\GFX-Vulkan\VulkanApp\Core\InstanceHandle.h
  C:\Users\andy1\Documents\GitHub\GFX-Vulkan\VulkanApp\Core\Instancer.h
  C:\Users\andy1\Documents\GitHub\GFX-Vulkan\VulkanApp\Core\Model.h
  C:\Users\andy1\Documents\GitHub\GFX-Vulkan\VulkanApp\Core\PrimitiveEntity.h
  C:\Users\andy1\Documents\GitHub\GFX-Vulkan\VulkanApp\Core\Scene.h
  C:\Users\andy1\Documents\GitHub\GFX-Vulkan\VulkanApp\Core\Scene3D.h
  C:\Users\andy1\Documents\GitHub\GFX-Vulkan\VulkanApp\Core\SceneBehavior.h
  C:\Users\andy1\Documents\GitHub\GFX-Vulkan\VulkanApp\Core\Skybox.h
  C:\Users\andy1\Documents\GitHub\GFX-Vulkan\VulkanApp\Core\Sprite.h
  C:\Users\andy1\Documents\GitHub\GFX-Vulkan\VulkanApp\Graphics\Buffer.h
  C:\Users\andy1\Documents\GitHub\GFX-Vulkan\VulkanApp\Graphics\Camera.h
  C:\Users\andy1\Documents\GitHub\GFX-Vulkan\VulkanApp\Graphics\Camera2D.h
  C:\Users\andy1\Documents\GitHub\GFX-Vulkan\VulkanApp\Graphics\Camera3D.h
  C:\Users\andy1\Documents\GitHub\GFX-Vulkan\VulkanApp\Graphics\Cubemap.h
  C:\Users\andy1\Documents\GitHub\GFX-Vulkan\VulkanApp\Graphics\CubemapBuffer.h
  C:\Users\andy1\Documents\GitHub\GFX-Vulkan\VulkanApp\Graphics\DefaultRenderPass.h
  C:\Users\andy1\Documents\GitHub\GFX-Vulkan\VulkanApp\Graphics\DirectionalLight.h
  C:\Users\andy1\Documents\GitHub\GFX-Vulkan\VulkanApp\Graphics\Font.h
  C:\Users\andy1\Documents\GitHub\GFX-Vulkan\VulkanApp\Graphics\FontAtlas.h
  C:\Users\andy1\Documents\GitHub\GFX-Vulkan\VulkanApp\Graphics\ImageBuffer.h
  C:\Users\andy1\Documents\GitHub\GFX-Vulkan\VulkanApp\Graphics\ImageTexture.h
  C:\Users\andy1\Documents\GitHub\GFX-Vulkan\VulkanApp\Graphics\IndexBuffer.h
  C:\Users\andy1\Documents\GitHub\GFX-Vulkan\VulkanApp\Graphics\Light.h
  C:\Users\andy1\Documents\GitHub\GFX-Vulkan\VulkanApp\Graphics\Material.h
  C:\Users\andy1\Documents\GitHub\GFX-Vulkan\VulkanApp\Graphics\Mesh.h
  C:\Users\andy1\Documents\GitHub\GFX-Vulkan\VulkanApp\Graphics\OffscreenRenderPass.h
  C:\Users\andy1\Documents\GitHub\GFX-Vulkan\VulkanApp\Graphics\PBRMaterial.h
  C:\Users\andy1\Documents\GitHub\GFX-Vulkan\VulkanApp\Graphics\Pipeline.h
  C:\Users\andy1\Documents\GitHub\GFX-Vulkan\VulkanApp\Graphics\PipelineManager.h
  C:\Users\andy1\Documents\GitHub\GFX-Vulkan\VulkanApp\Graphics\Primitive.h
  C:\Users\andy1\Documents\GitHub\GFX-Vulkan\VulkanApp\Graphics\Renderer.h
  C:\Users\andy1\Documents\GitHub\GFX-Vulkan\VulkanApp\Graphics\RenderPass.h
  C:\Users\andy1\Documents\GitHub\GFX-Vulkan\VulkanApp\Graphics\RenderPassManager.h
  C:\Users\andy1\Documents\GitHub\GFX-Vulkan\VulkanApp\Graphics\RenderTarget.h
  C:\Users\andy1\Documents\GitHub\GFX-Vulkan\VulkanApp\Graphics\StorageBuffer.h
  C:\Users\andy1\Documents\GitHub\GFX-Vulkan\VulkanApp\Graphics\UniformBuffer.h
  C:\Users\andy1\Documents\GitHub\GFX-Vulkan\VulkanApp\Graphics\UnlitMaterial.h
  C:\Users\andy1\Documents\GitHub\GFX-Vulkan\VulkanApp\Graphics\VertexBuffer.h
  C:\Users\andy1\Documents\GitHub\GFX-Vulkan\VulkanApp\Math\AABB.h
  C:\Users\andy1\Documents\GitHub\GFX-Vulkan\VulkanApp\Math\Frustum.h
  C:\Users\andy1\Documents\GitHub\GFX-Vulkan\VulkanApp\Math\Plane.h
  C:\Users\andy1\Documents\GitHub\GFX-Vulkan\VulkanApp\Math\RayCast.h
  C:\Users\andy1\Documents\GitHub\GFX-Vulkan\VulkanApp\Math\Transform.h
  C:\Users\andy1\Documents\GitHub\GFX-Vulkan\VulkanApp\UI\Canvas.h
  C:\Users\andy1\Documents\GitHub\GFX-Vulkan\VulkanApp\UI\Label.h
  C:\Users\andy1\Documents\GitHub\GFX-Vulkan\VulkanApp\UI\Widget.h
  63 Datei(en) kopiert
  Datei *.hpp nicht gefunden
  0 Datei(en) kopiert
